###############################################################################
#
# IAR ELF Linker V3.10.1.201 for STM8                     18/Feb/2020  19:36:51
# Copyright 2010-2017 IAR Systems AB.
#
#    Output file  =  
#        C:\Users\89149\Desktop\node-asr6505_addaclassb
#        -rtcsetok\Projects\ClassA\EWSTM8\Debug\Exe\project.out
#    Map file     =  
#        C:\Users\89149\Desktop\node-asr6505_addaclassb
#        -rtcsetok\Projects\ClassA\EWSTM8\Debug\List\project.map
#    Command line =  
#        -f C:\Users\89149\AppData\Local\Temp\EWD9A5.tmp
#        ("C:\Users\89149\Desktop\node-asr6505_addaclassb
#        -rtcsetok\Projects\ClassA\EWSTM8\Debug\Obj\aes.o"
#        "C:\Users\89149\Desktop\node-asr6505_addaclassb
#        -rtcsetok\Projects\ClassA\EWSTM8\Debug\Obj\ATcmd.o"
#        "C:\Users\89149\Desktop\node-asr6505_addaclassb
#        -rtcsetok\Projects\ClassA\EWSTM8\Debug\Obj\board.o"
#        "C:\Users\89149\Desktop\node-asr6505_addaclassb
#        -rtcsetok\Projects\ClassA\EWSTM8\Debug\Obj\cmac.o"
#        "C:\Users\89149\Desktop\node-asr6505_addaclassb
#        -rtcsetok\Projects\ClassA\EWSTM8\Debug\Obj\delay-board.o"
#        "C:\Users\89149\Desktop\node-asr6505_addaclassb
#        -rtcsetok\Projects\ClassA\EWSTM8\Debug\Obj\delay.o"
#        "C:\Users\89149\Desktop\node-asr6505_addaclassb
#        -rtcsetok\Projects\ClassA\EWSTM8\Debug\Obj\gpio-board.o"
#        "C:\Users\89149\Desktop\node-asr6505_addaclassb
#        -rtcsetok\Projects\ClassA\EWSTM8\Debug\Obj\gpio.o"
#        "C:\Users\89149\Desktop\node-asr6505_addaclassb
#        -rtcsetok\Projects\ClassA\EWSTM8\Debug\Obj\LoRaMac.o"
#        "C:\Users\89149\Desktop\node-asr6505_addaclassb
#        -rtcsetok\Projects\ClassA\EWSTM8\Debug\Obj\LoRaMacClassB.o"
#        "C:\Users\89149\Desktop\node-asr6505_addaclassb
#        -rtcsetok\Projects\ClassA\EWSTM8\Debug\Obj\LoRaMacConfirmQueue.o"
#        "C:\Users\89149\Desktop\node-asr6505_addaclassb
#        -rtcsetok\Projects\ClassA\EWSTM8\Debug\Obj\LoRaMacCrypto.o"
#        "C:\Users\89149\Desktop\node-asr6505_addaclassb
#        -rtcsetok\Projects\ClassA\EWSTM8\Debug\Obj\main.o"
#        "C:\Users\89149\Desktop\node-asr6505_addaclassb
#        -rtcsetok\Projects\ClassA\EWSTM8\Debug\Obj\radio.o"
#        "C:\Users\89149\Desktop\node-asr6505_addaclassb
#        -rtcsetok\Projects\ClassA\EWSTM8\Debug\Obj\readme.o"
#        "C:\Users\89149\Desktop\node-asr6505_addaclassb
#        -rtcsetok\Projects\ClassA\EWSTM8\Debug\Obj\Region.o"
#        "C:\Users\89149\Desktop\node-asr6505_addaclassb
#        -rtcsetok\Projects\ClassA\EWSTM8\Debug\Obj\RegionCN470.o"
#        "C:\Users\89149\Desktop\node-asr6505_addaclassb
#        -rtcsetok\Projects\ClassA\EWSTM8\Debug\Obj\RegionCommon.o"
#        "C:\Users\89149\Desktop\node-asr6505_addaclassb
#        -rtcsetok\Projects\ClassA\EWSTM8\Debug\Obj\rtc-board.o"
#        "C:\Users\89149\Desktop\node-asr6505_addaclassb
#        -rtcsetok\Projects\ClassA\EWSTM8\Debug\Obj\spi-board.o"
#        "C:\Users\89149\Desktop\node-asr6505_addaclassb
#        -rtcsetok\Projects\ClassA\EWSTM8\Debug\Obj\stm8_interrupt_vector.o"
#        "C:\Users\89149\Desktop\node-asr6505_addaclassb
#        -rtcsetok\Projects\ClassA\EWSTM8\Debug\Obj\stm8l15x_aes.o"
#        "C:\Users\89149\Desktop\node-asr6505_addaclassb
#        -rtcsetok\Projects\ClassA\EWSTM8\Debug\Obj\stm8l15x_clk.o"
#        "C:\Users\89149\Desktop\node-asr6505_addaclassb
#        -rtcsetok\Projects\ClassA\EWSTM8\Debug\Obj\stm8l15x_dma.o"
#        "C:\Users\89149\Desktop\node-asr6505_addaclassb
#        -rtcsetok\Projects\ClassA\EWSTM8\Debug\Obj\stm8l15x_exti.o"
#        "C:\Users\89149\Desktop\node-asr6505_addaclassb
#        -rtcsetok\Projects\ClassA\EWSTM8\Debug\Obj\stm8l15x_flash.o"
#        "C:\Users\89149\Desktop\node-asr6505_addaclassb
#        -rtcsetok\Projects\ClassA\EWSTM8\Debug\Obj\stm8l15x_gpio.o"
#        "C:\Users\89149\Desktop\node-asr6505_addaclassb
#        -rtcsetok\Projects\ClassA\EWSTM8\Debug\Obj\stm8l15x_i2c.o"
#        "C:\Users\89149\Desktop\node-asr6505_addaclassb
#        -rtcsetok\Projects\ClassA\EWSTM8\Debug\Obj\stm8l15x_it.o"
#        "C:\Users\89149\Desktop\node-asr6505_addaclassb
#        -rtcsetok\Projects\ClassA\EWSTM8\Debug\Obj\stm8l15x_iwdg.o"
#        "C:\Users\89149\Desktop\node-asr6505_addaclassb
#        -rtcsetok\Projects\ClassA\EWSTM8\Debug\Obj\stm8l15x_pwr.o"
#        "C:\Users\89149\Desktop\node-asr6505_addaclassb
#        -rtcsetok\Projects\ClassA\EWSTM8\Debug\Obj\stm8l15x_rtc.o"
#        "C:\Users\89149\Desktop\node-asr6505_addaclassb
#        -rtcsetok\Projects\ClassA\EWSTM8\Debug\Obj\stm8l15x_spi.o"
#        "C:\Users\89149\Desktop\node-asr6505_addaclassb
#        -rtcsetok\Projects\ClassA\EWSTM8\Debug\Obj\stm8l15x_syscfg.o"
#        "C:\Users\89149\Desktop\node-asr6505_addaclassb
#        -rtcsetok\Projects\ClassA\EWSTM8\Debug\Obj\stm8l15x_tim1.o"
#        "C:\Users\89149\Desktop\node-asr6505_addaclassb
#        -rtcsetok\Projects\ClassA\EWSTM8\Debug\Obj\stm8l15x_tim2.o"
#        "C:\Users\89149\Desktop\node-asr6505_addaclassb
#        -rtcsetok\Projects\ClassA\EWSTM8\Debug\Obj\stm8l15x_tim3.o"
#        "C:\Users\89149\Desktop\node-asr6505_addaclassb
#        -rtcsetok\Projects\ClassA\EWSTM8\Debug\Obj\stm8l15x_tim4.o"
#        "C:\Users\89149\Desktop\node-asr6505_addaclassb
#        -rtcsetok\Projects\ClassA\EWSTM8\Debug\Obj\stm8l15x_tim5.o"
#        "C:\Users\89149\Desktop\node-asr6505_addaclassb
#        -rtcsetok\Projects\ClassA\EWSTM8\Debug\Obj\stm8l15x_usart.o"
#        "C:\Users\89149\Desktop\node-asr6505_addaclassb
#        -rtcsetok\Projects\ClassA\EWSTM8\Debug\Obj\stm8l15x_wwdg.o"
#        "C:\Users\89149\Desktop\node-asr6505_addaclassb
#        -rtcsetok\Projects\ClassA\EWSTM8\Debug\Obj\sx1262-board.o"
#        "C:\Users\89149\Desktop\node-asr6505_addaclassb
#        -rtcsetok\Projects\ClassA\EWSTM8\Debug\Obj\sx126x.o"
#        "C:\Users\89149\Desktop\node-asr6505_addaclassb
#        -rtcsetok\Projects\ClassA\EWSTM8\Debug\Obj\timer.o"
#        "C:\Users\89149\Desktop\node-asr6505_addaclassb
#        -rtcsetok\Projects\ClassA\EWSTM8\Debug\Obj\uart-board.o"
#        "C:\Users\89149\Desktop\node-asr6505_addaclassb
#        -rtcsetok\Projects\ClassA\EWSTM8\Debug\Obj\utilities.o" --redirect
#        _Printf=_PrintfFull --redirect _Scanf=_ScanfFullNoMb -o
#        "C:\Users\89149\Desktop\node-asr6505_addaclassb
#        -rtcsetok\Projects\ClassA\EWSTM8\Debug\Exe\project.out" --map
#        "C:\Users\89149\Desktop\node-asr6505_addaclassb
#        -rtcsetok\Projects\ClassA\EWSTM8\Debug\List\project.map" --config
#        "C:\Program Files (x86)\IAR Systems\Embedded Workbench
#        8.0\stm8\config\lnkstm8l152m8.icf" --config_def _CSTACK_SIZE=0x100
#        --config_def _HEAP_SIZE=0x100 --entry __iar_program_start --debug_lib)
#
###############################################################################

*******************************************************************************
*** RUNTIME MODEL ATTRIBUTES
***

__SystemLibrary            = DLib
__code_model               = medium_or_large
__core                     = stm8
__data_model               = medium
__dlib_file_descriptor     = 0
__dlib_full_locale_support = 0
__rt_version               = 4


*******************************************************************************
*** PLACEMENT SUMMARY
***

"A0":  place at start of [0x000000-0x0000ff] { rw section .vregs };
"A1":  place at end of [0x000000-0x000fff] { block CSTACK };
"P2":  place in [from 0x000000 to 0x000fff] {
          block HEAP, rw section __DLIB_PERTHREAD, rw section .far.bss,
          rw section .far.data, rw section .far.noinit,
          rw section .far_func.textrw, rw section .huge.bss,
          rw section .huge.data, rw section .huge.noinit,
          rw section .huge_func.textrw, rw section .iar.dynexit,
          rw section .near.bss, rw section .near.data, rw section .near.noinit,
          rw section .near_func.textrw };
"A2":  place at start of [0x008000-0x00ffff] { block INTVEC };
"P3":  place in [from 0x008000 to 0x00ffff] {
          ro section __DLIB_PERTHREAD_init, ro section .far.data_init,
          ro section .far_func.textrw_init, ro section .huge.data_init,
          ro section .huge_func.textrw_init, ro section .iar.init_table,
          ro section .init_array, ro section .near.data_init,
          ro section .near.rodata, ro section .near_func.text,
          ro section .near_func.textrw_init, ro section .tiny.data_init,
          ro section .tiny.rodata_init };
"P4":  place in [from 0x008000 to 0x00ffff repeat 2] {
          ro section .far.rodata, ro section .far_func.text };
do not initialize {
   rw section .eeprom.noinit, rw section .far.noinit, rw section .huge.noinit,
   rw section .near.noinit, rw section .tiny.noinit, rw section .vregs };
initialize by copy {
   rw section .far.bss, rw section .far.data, rw section .far_func.textrw,
   rw section .huge.bss, rw section .huge.data, rw section .huge_func.textrw,
   rw section .iar.dynexit, rw section .near.bss, rw section .near.data,
   rw section .near_func.textrw, rw section .tiny.bss, rw section .tiny.data,
   ro section .tiny.rodata };

  Section            Kind      Address    Size  Object
  -------            ----      -------    ----  ------
"A0":                                     0x10
  .vregs             uninit   0x000000    0x10  vregs.o [4]
                            - 0x000010    0x10

"P2", part 1 of 2:                        0x51
  P2-1                        0x000010    0x51  <Init block>
    .near.data       inited   0x000010    0x48  radio.o [1]
    .near.data       inited   0x000058     0x1  radio.o [1]
    .near.data       inited   0x000059     0x4  uart-board.o [1]
    .near.data       inited   0x00005d     0x4  uart-board.o [1]
                            - 0x000061    0x51

"P2", part 2 of 2:                       0x36b
  .near.bss          zero     0x000061    0xff  radio.o [1]
  .near.bss          zero     0x000160    0xff  stm8l15x_it.o [1]
  .near.bss          zero     0x00025f    0x80  radio.o [1]
  .near.bss          zero     0x0002df    0x30  gpio-board.o [1]
  .near.bss          zero     0x00030f     0xf  radio.o [1]
  .near.bss          zero     0x00031e     0xe  board.o [1]
  .near.bss          zero     0x00032c     0xe  main.o [1]
  .near.bss          zero     0x00033a     0xe  radio.o [1]
  .near.bss          zero     0x000348     0xe  radio.o [1]
  .near.bss          zero     0x000356     0xe  radio.o [1]
  .near.bss          zero     0x000364     0xc  rtc-board.o [1]
  .near.bss          zero     0x000370     0x9  sx1262-board.o [1]
  .near.bss          zero     0x000379     0x7  rtc-board.o [1]
  .near.bss          zero     0x000380     0x4  radio.o [1]
  .near.bss          zero     0x000384     0x4  radio.o [1]
  .near.bss          zero     0x000388     0x4  rtc-board.o [1]
  .near.bss          zero     0x00038c     0x4  rtc-board.o [1]
  .near.bss          zero     0x000390     0x4  rtc-board.o [1]
  .near.bss          zero     0x000394     0x4  rtc-board.o [1]
  .near.bss          zero     0x000398     0x4  rtc-board.o [1]
  .near.bss          zero     0x00039c     0x4  sx126x.o [1]
  .near.bss          zero     0x0003a0     0x2  board.o [1]
  .near.bss          zero     0x0003a2     0x2  radio.o [1]
  .near.bss          zero     0x0003a4     0x2  radio.o [1]
  .near.bss          zero     0x0003a6     0x2  spi-board.o [1]
  .near.bss          zero     0x0003a8     0x2  spi-board.o [1]
  .near.bss          zero     0x0003aa     0x2  spi-board.o [1]
  .near.bss          zero     0x0003ac     0x2  spi-board.o [1]
  .near.bss          zero     0x0003ae     0x2  spi-board.o [1]
  .near.bss          zero     0x0003b0     0x2  stm8l15x_it.o [1]
  .near.bss          zero     0x0003b2     0x2  timer.o [1]
  .near.bss          zero     0x0003b4     0x2  errno.o [4]
  .near.bss          zero     0x0003b6     0x1  board.o [1]
  .near.bss          zero     0x0003b7     0x1  board.o [1]
  .near.bss          zero     0x0003b8     0x1  main.o [1]
  .near.bss          zero     0x0003b9     0x1  main.o [1]
  .near.bss          zero     0x0003ba     0x1  radio.o [1]
  .near.bss          zero     0x0003bb     0x1  radio.o [1]
  .near.bss          zero     0x0003bc     0x1  rtc-board.o [1]
  .near.bss          zero     0x0003bd     0x1  rtc-board.o [1]
  .near.bss          zero     0x0003be     0x1  rtc-board.o [1]
  .near.bss          zero     0x0003bf     0x1  rtc-board.o [1]
  .near.bss          zero     0x0003c0     0x1  rtc-board.o [1]
  .near.bss          zero     0x0003c1     0x1  spi-board.o [1]
  .near.bss          zero     0x0003c2     0x1  stm8l15x_it.o [1]
  .near.bss          zero     0x0003c3     0x1  stm8l15x_rtc.o [1]
  .near.bss          zero     0x0003c4     0x1  stm8l15x_rtc.o [1]
  .near.bss          zero     0x0003c5     0x1  stm8l15x_rtc.o [1]
  .near.bss          zero     0x0003c6     0x1  stm8l15x_rtc.o [1]
  .near.bss          zero     0x0003c7     0x1  sx1262-board.o [1]
  .near.bss          zero     0x0003c8     0x1  sx126x.o [1]
  .near.bss          zero     0x0003c9     0x1  sx126x.o [1]
  .near.bss          zero     0x0003ca     0x1  sx126x.o [1]
  .near.bss          zero     0x0003cb     0x1  timer.o [1]
                            - 0x0003cc   0x36b

"A1":                                    0x100
  CSTACK                      0x000f00   0x100  <Block>
    CSTACK           uninit   0x000f00   0x100  <Block tail>
                            - 0x001000   0x100

"A2":                                     0x80
  INTVEC                      0x008000    0x80  <Block>
    .intvec          const    0x008000    0x80  interrupt.o [4]
                            - 0x008080    0x80

"P3":                                    0x21d
  .near.rodata       const    0x008080    0x6e  radio.o [1]
  .near.rodata       const    0x0080ee    0x51  radio.o [1]
  Initializer bytes  const    0x00813f    0x51  <for P2-1>
  .near_func.text    const    0x008190    0x3c  xprintffull.o [4]
  .iar.init_table    const    0x0081cc    0x14  - Linker created -
  .near.rodata       const    0x0081e0    0x17  main.o [1]
  .near.rodata       const    0x0081f7     0xf  radio.o [1]
  .near.rodata       const    0x008206     0xc  rtc-board.o [1]
  .near.rodata       const    0x008212     0xc  rtc-board.o [1]
  .near.rodata       const    0x00821e     0x9  sx126x.o [1]
  .near.rodata       const    0x008227     0x8  radio.o [1]
  .near.rodata       const    0x00822f     0x8  radio.o [1]
  .near.rodata       const    0x008237     0x8  rtc-board.o [1]
  .near.rodata       const    0x00823f     0x8  sx126x.o [1]
  .near.rodata       const    0x008247     0x7  xprintffull.o [4]
  .near.rodata       const    0x00824e     0x6  rtc-board.o [1]
  .near.rodata       const    0x008254     0x6  rtc-board.o [1]
  .near.rodata       const    0x00825a     0x6  rtc-board.o [1]
  .near.rodata       const    0x008260     0x6  rtc-board.o [1]
  .near.rodata       const    0x008266     0x6  rtc-board.o [1]
  .near.rodata       const    0x00826c     0x5  stm8l15x_clk.o [1]
  .near.rodata       const    0x008271     0x4  rtc-board.o [1]
  .near.rodata       const    0x008275     0x4  rtc-board.o [1]
  .near.rodata       const    0x008279     0x4  rtc-board.o [1]
  .near.rodata       const    0x00827d     0x4  xprintffull.o [4]
  .near.rodata       const    0x008281     0x4  xprintffull.o [4]
  .near.rodata       const    0x008285     0x4  xprintffull.o [4]
  .near.rodata       const    0x008289     0x4  xprintffull.o [4]
  .near.rodata       const    0x00828d     0x3  radio.o [1]
  .near.rodata       const    0x008290     0x2  rtc-board.o [1]
  .near.rodata       const    0x008292     0x2  uart-board.o [1]
  .near.rodata       const    0x008294     0x2  uart-board.o [1]
  .near.rodata       const    0x008296     0x2  uart-board.o [1]
  .near.rodata       const    0x008298     0x2  xprintffull.o [4]
  .near.rodata       const    0x00829a     0x1  radio.o [1]
  .near.rodata       const    0x00829b     0x1  rtc-board.o [1]
  .near.rodata       const    0x00829c     0x1  rtc-board.o [1]
                            - 0x00829d   0x21d

"P4":                                   0x6e66
  .far_func.text     ro code  0x00829d   0x4d8  float.o [4]
  .far_func.text     ro code  0x008775   0x47a  xprintffull.o [4]
  .far_func.text     ro code  0x008bef   0x477  xprintffull.o [4]
  .far_func.text     ro code  0x009066   0x3b0  xprintffull.o [4]
  .far_func.text     ro code  0x009416   0x374  pow.o [4]
  .far_func.text     ro code  0x00978a   0x271  radio.o [1]
  .far_func.text     ro code  0x0099fb   0x26b  xexp.o [4]
  .far_func.text     ro code  0x009c66   0x25f  long.o [4]
  .far_func.text     ro code  0x009ec5   0x201  spi-board.o [1]
  .far_func.text     ro code  0x00a0c6   0x1eb  radio.o [1]
  .far_func.text     ro code  0x00a2b1   0x1e6  rtc-board.o [1]
  .far_func.text     ro code  0x00a497   0x1df  vreg_util.o [4]
  .far_func.text     ro code  0x00a676   0x1d2  rtc-board.o [1]
  .far_func.text     ro code  0x00a848   0x1ae  radio.o [1]
  .far_func.text     ro code  0x00a9f6   0x1ac  gpio-board.o [1]
  .far_func.text     ro code  0x00aba2   0x1a7  radio.o [1]
  .far_func.text     ro code  0x00ad49   0x189  rtc-board.o [1]
  .far_func.text     ro code  0x00aed2   0x184  timer.o [1]
  .far_func.text     ro code  0x00b056   0x182  float_libsup.o [4]
  .far_func.text     ro code  0x00b1d8   0x181  xprintffull.o [4]
  .far_func.text     ro code  0x00b359   0x15c  timer.o [1]
  .far_func.text     ro code  0x00b4b5   0x12a  sx126x.o [1]
  .far_func.text     ro code  0x00b5df   0x127  stm8l15x_exti.o [1]
  .far_func.text     ro code  0x00b706   0x117  stm8l15x_rtc.o [1]
  .far_func.text     ro code  0x00b81d   0x113  sx126x.o [1]
  .far_func.text     ro code  0x00b930    0xf0  sx126x.o [1]
  .far_func.text     ro code  0x00ba20    0xea  rtc-board.o [1]
  .far_func.text     ro code  0x00bb0a    0xe4  sx126x.o [1]
  .far_func.text     ro code  0x00bbee    0xe0  long_util.o [4]
  .far_func.text     ro code  0x00bcce    0xdc  board.o [1]
  .far_func.text     ro code  0x00bdaa    0xd8  stm8l15x_usart.o [1]
  .far_func.text     ro code  0x00be82    0xd3  timer.o [1]
  .far_func.text     ro code  0x00bf55    0xca  timer.o [1]
  .far_func.text     ro code  0x00c01f    0xc9  xdint.o [4]
  .far_func.text     ro code  0x00c0e8    0xc6  board.o [1]
  .far_func.text     ro code  0x00c1ae    0xba  spi-board.o [1]
  .far_func.text     ro code  0x00c268    0xb1  rtc-board.o [1]
  .far_func.text     ro code  0x00c319    0xb0  stm8l15x_rtc.o [1]
  .far_func.text     ro code  0x00c3c9    0xab  stm8l15x_usart.o [1]
  .far_func.text     ro code  0x00c474    0xa7  stm8l15x_rtc.o [1]
  .far_func.text     ro code  0x00c51b    0xa3  rtc-board.o [1]
  .far_func.text     ro code  0x00c5be    0x9d  gpio-board.o [1]
  .far_func.text     ro code  0x00c65b    0x9c  stm8l15x_clk.o [1]
  .far_func.text     ro code  0x00c6f7    0x99  stm8l15x_clk.o [1]
  .far_func.text     ro code  0x00c790    0x95  stm8l15x_usart.o [1]
  .far_func.text     ro code  0x00c825    0x94  stm8l15x_clk.o [1]
  .far_func.text     ro code  0x00c8b9    0x94  sx126x.o [1]
  .far_func.text     ro code  0x00c94d    0x8e  rtc-board.o [1]
  .far_func.text     ro code  0x00c9db    0x8e  stm8l15x_gpio.o [1]
  .far_func.text     ro code  0x00ca69    0x8c  sx1262-board.o [1]
  .far_func.text     ro code  0x00caf5    0x8b  radio.o [1]
  .far_func.text     ro code  0x00cb80    0x89  radio.o [1]
  .far_func.text     ro code  0x00cc09    0x84  sx1262-board.o [1]
  .far_func.text     ro code  0x00cc8d    0x83  main.o [1]
  .far_func.text     ro code  0x00cd10    0x81  sx126x.o [1]
  .far_func.text     ro code  0x00cd91    0x7e  uart-board.o [1]
  .far_func.text     ro code  0x00ce0f    0x7b  sx1262-board.o [1]
  .far_func.text     ro code  0x00ce8a    0x77  radio.o [1]
  .far_func.text     ro code  0x00cf01    0x76  sx1262-board.o [1]
  .far_func.text     ro code  0x00cf77    0x75  rtc-board.o [1]
  .far_func.text     ro code  0x00cfec    0x74  sx1262-board.o [1]
  .far_func.text     ro code  0x00d060    0x73  sx1262-board.o [1]
  .far_func.text     ro code  0x00d0d3    0x6d  rtc-board.o [1]
  .far_func.text     ro code  0x00d140    0x69  radio.o [1]
  .far_func.text     ro code  0x00d1a9    0x64  radio.o [1]
  .far_func.text     ro code  0x00d20d    0x63  radio.o [1]
  .far_func.text     ro code  0x00d270    0x60  radio.o [1]
  .far_func.text     ro code  0x00d2d0    0x60  rtc-board.o [1]
  .far_func.text     ro code  0x00d330    0x5e  spi-board.o [1]
  .far_func.text     ro code  0x00d38e    0x5c  gpio-board.o [1]
  .far_func.text     ro code  0x00d3ea    0x5b  stm8l15x_syscfg.o [1]
  .far_func.text     ro code  0x00d445    0x5a  stm8l15x_rtc.o [1]
  .far_func.text     ro code  0x00d49f    0x58  dc_util.o [4]
  .far_func.text     ro code  0x00d4f7    0x57  gpio-board.o [1]
  .far_func.text     ro code  0x00d54e    0x57  stm8l15x_rtc.o [1]
  .far_func.text     ro code  0x00d5a5    0x56  short.o [4]
  .far_func.text     ro code  0x00d5fb    0x55  rtc-board.o [1]
  .far_func.text     ro code  0x00d650    0x55  timer.o [1]
  .far_func.text     ro code  0x00d6a5    0x54  stm8l15x_rtc.o [1]
  .far_func.text     ro code  0x00d6f9    0x53  stm8l15x_it.o [1]
  .far_func.text     ro code  0x00d74c    0x53  sx1262-board.o [1]
  .far_func.text     ro code  0x00d79f    0x51  xprintffull.o [4]
  .far_func.text     ro code  0x00d7f0    0x50  radio.o [1]
  .far_func.text     ro code  0x00d840    0x4f  stm8l15x_rtc.o [1]
  .far_func.text     ro code  0x00d88f    0x4d  sx126x.o [1]
  .far_func.text     ro code  0x00d8dc    0x4c  stm8l15x_rtc.o [1]
  .far_func.text     ro code  0x00d928    0x4b  sx126x.o [1]
  .far_func.text     ro code  0x00d973    0x4a  gpio-board.o [1]
  .far_func.text     ro code  0x00d9bd    0x4a  sx126x.o [1]
  .far_func.text     ro code  0x00da07    0x49  xprintffull.o [4]
  .far_func.text     ro code  0x00da50    0x48  stm8l15x_spi.o [1]
  .far_func.text     ro code  0x00da98    0x48  uart-board.o [1]
  .far_func.text     ro code  0x00dae0    0x47  radio.o [1]
  .far_func.text     ro code  0x00db27    0x46  ceil.o [4]
  .far_func.text     ro code  0x00db6d    0x46  floor.o [4]
  .far_func.text     ro code  0x00dbb3    0x43  radio.o [1]
  .far_func.text     ro code  0x00dbf6    0x42  gpio-board.o [1]
  .far_func.text     ro code  0x00dc38    0x42  main.o [1]
  .far_func.text     ro code  0x00dc7a    0x42  rtc-board.o [1]
  .far_func.text     ro code  0x00dcbc    0x42  stm8l15x_rtc.o [1]
  .far_func.text     ro code  0x00dcfe    0x42  sx126x.o [1]
  .far_func.text     ro code  0x00dd40    0x41  sx126x.o [1]
  .far_func.text     ro code  0x00dd81    0x40  sx126x.o [1]
  .far_func.text     ro code  0x00ddc1    0x40  timer.o [1]
  .far_func.text     ro code  0x00de01    0x3e  delay-board.o [1]
  .far_func.text     ro code  0x00de3f    0x3e  radio.o [1]
  .far_func.text     ro code  0x00de7d    0x3e  xprintffull.o [4]
  .far_func.text     ro code  0x00debb    0x3d  rtc-board.o [1]
  .far_func.text     ro code  0x00def8    0x3d  xprintffull.o [4]
  .far_func.text     ro code  0x00df35    0x3c  board.o [1]
  .far_func.text     ro code  0x00df71    0x3c  rtc-board.o [1]
  .far_func.text     ro code  0x00dfad    0x3b  stm8l15x_rtc.o [1]
  .far_func.text     ro code  0x00dfe8    0x3a  sx1262-board.o [1]
  .far_func.text     ro code  0x00e022    0x38  radio.o [1]
  .far_func.text     ro code  0x00e05a    0x38  far_util.o [4]
  .far_func.text     ro code  0x00e092    0x37  gpio.o [1]
  .far_func.text     ro code  0x00e0c9    0x37  sx126x.o [1]
  .far_func.text     ro code  0x00e100    0x36  rtc-board.o [1]
  .far_func.text     ro code  0x00e136    0x36  stm8l15x_rtc.o [1]
  .far_func.text     ro code  0x00e16c    0x35  stm8l15x_usart.o [1]
  .far_func.text     ro code  0x00e1a1    0x35  sx126x.o [1]
  .far_func.text     ro code  0x00e1d6    0x34  radio.o [1]
  .far_func.text     ro code  0x00e20a    0x34  stm8l15x_rtc.o [1]
  .far_func.text     ro code  0x00e23e    0x34  div.o [4]
  .far_func.text     ro code  0x00e272    0x32  stm8l15x_rtc.o [1]
  .far_func.text     ro code  0x00e2a4    0x32  sx1262-board.o [1]
  .far_func.text     ro code  0x00e2d6    0x32  sx126x.o [1]
  .far_func.text     ro code  0x00e308    0x32  sx126x.o [1]
  .far_func.text     ro code  0x00e33a    0x31  uart-board.o [1]
  .far_func.text     ro code  0x00e36b    0x30  gpio.o [1]
  .far_func.text     ro code  0x00e39b    0x30  timer.o [1]
  .far_func.text     ro code  0x00e3cb    0x2f  radio.o [1]
  .far_func.text     ro code  0x00e3fa    0x2f  sx1262-board.o [1]
  .far_func.text     ro code  0x00e429    0x2e  sx126x.o [1]
  .far_func.text     ro code  0x00e457    0x2e  sx126x.o [1]
  .far_func.text     ro code  0x00e485    0x2e  sx126x.o [1]
  .far_func.text     ro code  0x00e4b3    0x2e  xprintffull.o [4]
  .far_func.text     ro code  0x00e4e1    0x2d  rtc-board.o [1]
  .far_func.text     ro code  0x00e50e    0x2c  stm8l15x_gpio.o [1]
  .far_func.text     ro code  0x00e53a    0x2c  sx126x.o [1]
  .far_func.text     ro code  0x00e566    0x2b  radio.o [1]
  .far_func.text     ro code  0x00e591    0x2b  radio.o [1]
  .far_func.text     ro code  0x00e5bc    0x2b  stm8l15x_usart.o [1]
  .far_func.text     ro code  0x00e5e7    0x29  radio.o [1]
  .far_func.text     ro code  0x00e610    0x29  radio.o [1]
  .far_func.text     ro code  0x00e639    0x29  stm8l15x_rtc.o [1]
  .far_func.text     ro code  0x00e662    0x29  sx126x.o [1]
  .far_func.text     ro code  0x00e68b    0x28  board.o [1]
  .far_func.text     ro code  0x00e6b3    0x28  init_small.o [4]
  .far_func.text     ro code  0x00e6db    0x27  stm8l15x_usart.o [1]
  .far_func.text     ro code  0x00e702    0x27  sx126x.o [1]
  .far_func.text     ro code  0x00e729    0x27  timer.o [1]
  .far_func.text     ro code  0x00e750    0x26  sx1262-board.o [1]
  .far_func.text     ro code  0x00e776    0x26  sx126x.o [1]
  .far_func.text     ro code  0x00e79c    0x25  stm8l15x_exti.o [1]
  .far_func.text     ro code  0x00e7c1    0x25  move.o [4]
  .far_func.text     ro code  0x00e7e6    0x25  xlog.o [4]
  .far_func.text     ro code  0x00e80b    0x24  gpio-board.o [1]
  .far_func.text     ro code  0x00e82f    0x24  stm8l15x_rtc.o [1]
  .far_func.text     ro code  0x00e853    0x24  sx126x.o [1]
  .far_func.text     ro code  0x00e877    0x24  uart-board.o [1]
  .far_func.text     ro code  0x00e89b    0x24  printf.o [4]
  .far_func.text     ro code  0x00e8bf    0x22  stm8l15x_exti.o [1]
  .far_func.text     ro code  0x00e8e1    0x22  stm8l15x_it.o [1]
  .far_func.text     ro code  0x00e903    0x22  stm8l15x_it.o [1]
  .far_func.text     ro code  0x00e925    0x21  memchr.o [4]
  .far_func.text     ro code  0x00e946    0x20  radio.o [1]
  .far_func.text     ro code  0x00e966    0x20  sx1262-board.o [1]
  .far_func.text     ro code  0x00e986    0x20  sx126x.o [1]
  .far_func.text     ro code  0x00e9a6    0x20  memcpy.o [4]
  .far_func.text     ro code  0x00e9c6    0x1f  board.o [1]
  .far_func.text     ro code  0x00e9e5    0x1f  rtc-board.o [1]
  .far_func.text     ro code  0x00ea04    0x1f  sx126x.o [1]
  .far_func.text     ro code  0x00ea23    0x1f  xprout.o [4]
  .far_func.text     ro code  0x00ea42    0x1e  radio.o [1]
  .far_func.text     ro code  0x00ea60    0x1e  stm8l15x_it.o [1]
  .far_func.text     ro code  0x00ea7e    0x1e  stm8l15x_it.o [1]
  .far_func.text     ro code  0x00ea9c    0x1e  stm8l15x_it.o [1]
  .far_func.text     ro code  0x00eaba    0x1e  stm8l15x_it.o [1]
  .far_func.text     ro code  0x00ead8    0x1e  stm8l15x_it.o [1]
  .far_func.text     ro code  0x00eaf6    0x1e  stm8l15x_it.o [1]
  .far_func.text     ro code  0x00eb14    0x1e  sx1262-board.o [1]
  .far_func.text     ro code  0x00eb32    0x1e  init.o [4]
  .far_func.text     ro code  0x00eb50    0x1e  init_small.o [4]
  .far_func.text     ro code  0x00eb6e    0x1d  stm8l15x_it.o [1]
  .far_func.text     ro code  0x00eb8b    0x1d  stm8l15x_spi.o [1]
  .far_func.text     ro code  0x00eba8    0x1d  sx1262-board.o [1]
  .far_func.text     ro code  0x00ebc5    0x1d  sx126x.o [1]
  .far_func.text     ro code  0x00ebe2    0x1d  timer.o [1]
  .far_func.text     ro code  0x00ebff    0x1c  gpio.o [1]
  .far_func.text     ro code  0x00ec1b    0x1c  stm8l15x_rtc.o [1]
  .far_func.text     ro code  0x00ec37    0x1c  sx126x.o [1]
  .far_func.text     ro code  0x00ec53    0x1a  radio.o [1]
  .far_func.text     ro code  0x00ec6d    0x1a  stm8l15x_rtc.o [1]
  .far_func.text     ro code  0x00ec87    0x1a  stm8l15x_spi.o [1]
  .far_func.text     ro code  0x00eca1    0x1a  sx1262-board.o [1]
  .far_func.text     ro code  0x00ecbb    0x1a  sx126x.o [1]
  .far_func.text     ro code  0x00ecd5    0x19  stm8l15x_flash.o [1]
  .far_func.text     ro code  0x00ecee    0x18  rtc-board.o [1]
  .far_func.text     ro code  0x00ed06    0x18  timer.o [1]
  .far_func.text     ro code  0x00ed1e    0x17  stm8l15x_rtc.o [1]
  .far_func.text     ro code  0x00ed35    0x17  stm8l15x_rtc.o [1]
  .far_func.text     ro code  0x00ed4c    0x17  sx1262-board.o [1]
  .far_func.text     ro code  0x00ed63    0x17  sx126x.o [1]
  .far_func.text     ro code  0x00ed7a    0x17  sx126x.o [1]
  .far_func.text     ro code  0x00ed91    0x17  cstartup.o [4]
  .far_func.text     ro code  0x00eda8    0x16  rtc-board.o [1]
  .far_func.text     ro code  0x00edbe    0x16  sx1262-board.o [1]
  .far_func.text     ro code  0x00edd4    0x16  memset.o [4]
  .far_func.text     ro code  0x00edea    0x16  __dbg_xxexit.o [3]
  .far_func.text     ro code  0x00ee00    0x15  xprintffull.o [4]
  .far_func.text     ro code  0x00ee15    0x15  strchr.o [4]
  .far_func.text     ro code  0x00ee2a    0x14  delay.o [1]
  .far_func.text     ro code  0x00ee3e    0x14  radio.o [1]
  .far_func.text     ro code  0x00ee52    0x13  stm8l15x_clk.o [1]
  .far_func.text     ro code  0x00ee65    0x13  sx1262-board.o [1]
  .far_func.text     ro code  0x00ee78    0x12  stm8l15x_gpio.o [1]
  .far_func.text     ro code  0x00ee8a    0x12  sx126x.o [1]
  .far_func.text     ro code  0x00ee9c    0x12  sx126x.o [1]
  .far_func.text     ro code  0x00eeae    0x12  sx126x.o [1]
  .far_func.text     ro code  0x00eec0    0x11  board.o [1]
  .far_func.text     ro code  0x00eed1    0x11  radio.o [1]
  .far_func.text     ro code  0x00eee2    0x11  radio.o [1]
  .far_func.text     ro code  0x00eef3    0x11  stm8l15x_rtc.o [1]
  .far_func.text     ro code  0x00ef04    0x11  stm8l15x_spi.o [1]
  .far_func.text     ro code  0x00ef15    0x10  gpio.o [1]
  .far_func.text     ro code  0x00ef25    0x10  radio.o [1]
  .far_func.text     ro code  0x00ef35     0xf  board.o [1]
  .far_func.text     ro code  0x00ef44     0xf  rtc-board.o [1]
  .far_func.text     ro code  0x00ef53     0xf  stm8l15x_flash.o [1]
  .far_func.text     ro code  0x00ef62     0xe  stm8l15x_pwr.o [1]
  .far_func.text     ro code  0x00ef70     0xe  sx126x.o [1]
  .far_func.text     ro code  0x00ef7e     0xe  xprintffull.o [4]
  .far_func.text     ro code  0x00ef8c     0xd  stm8l15x_rtc.o [1]
  .far_func.text     ro code  0x00ef99     0xd  strlen.o [4]
  .far_func.text     ro code  0x00efa6     0xc  xprintffull.o [4]
  .far_func.text     ro code  0x00efb2     0xc  xlog.o [4]
  .far_func.text     ro code  0x00efbe     0xc  switch.o [4]
  .far_func.text     ro code  0x00efca     0xb  stm8l15x_flash.o [1]
  .far_func.text     ro code  0x00efd5     0xb  xprintffull.o [4]
  .far_func.text     ro code  0x00efe0     0xb  xprintffull.o [4]
  .far_func.text     ro code  0x00efeb     0xb  xprintffull.o [4]
  .far_func.text     ro code  0x00eff6     0xb  xprintffull.o [4]
  .far_func.text     ro code  0x00f001     0xb  xprintffull.o [4]
  .far_func.text     ro code  0x00f00c     0xb  xprintffull.o [4]
  .far_func.text     ro code  0x00f017     0xa  stm8l15x_clk.o [1]
  .far_func.text     ro code  0x00f021     0xa  sx126x.o [1]
  .far_func.text     ro code  0x00f02b     0xa  far.o [4]
  .far_func.text     ro code  0x00f035     0x9  sx1262-board.o [1]
  .far_func.text     ro code  0x00f03e     0x9  xprintffull.o [4]
  .far_func.text     ro code  0x00f047     0x9  xprintffull.o [4]
  .far_func.text     ro code  0x00f050     0x8  rtc-board.o [1]
  .far_func.text     ro code  0x00f058     0x8  stm8l15x_gpio.o [1]
  .far_func.text     ro code  0x00f060     0x8  stm8l15x_spi.o [1]
  .far_func.text     ro code  0x00f068     0x8  xprintffull.o [4]
  .far_func.text     ro code  0x00f070     0x7  stm8l15x_gpio.o [1]
  .far_func.text     ro code  0x00f077     0x7  stm8l15x_gpio.o [1]
  .far_func.text     ro code  0x00f07e     0x7  stm8l15x_gpio.o [1]
  .far_func.text     ro code  0x00f085     0x7  xprintffull.o [4]
  .far_func.text     ro code  0x00f08c     0x6  board.o [1]
  .far_func.text     ro code  0x00f092     0x6  radio.o [1]
  .far_func.text     ro code  0x00f098     0x6  stm8l15x_usart.o [1]
  .far_func.text     ro code  0x00f09e     0x6  cexit.o [4]
  .far_func.text     ro code  0x00f0a4     0x5  board.o [1]
  .far_func.text     ro code  0x00f0a9     0x5  radio.o [1]
  .far_func.text     ro code  0x00f0ae     0x5  stm8l15x_spi.o [1]
  .far_func.text     ro code  0x00f0b3     0x5  stm8l15x_usart.o [1]
  .far_func.text     ro code  0x00f0b8     0x5  timer.o [1]
  .far_func.text     ro code  0x00f0bd     0x4  stm8l15x_clk.o [1]
  .far_func.text     ro code  0x00f0c1     0x4  stm8l15x_flash.o [1]
  .far_func.text     ro code  0x00f0c5     0x4  sx126x.o [1]
  .far_func.text     ro code  0x00f0c9     0x4  sx126x.o [1]
  .far_func.text     ro code  0x00f0cd     0x4  sx126x.o [1]
  .far_func.text     ro code  0x00f0d1     0x4  exit.o [4]
  .far_func.text     ro code  0x00f0d5     0x3  board.o [1]
  .far_func.text     ro code  0x00f0d8     0x3  radio.o [1]
  .far_func.text     ro code  0x00f0db     0x3  stm8l15x_usart.o [1]
  .far_func.text     ro code  0x00f0de     0x3  sx1262-board.o [1]
  .far_func.text     ro code  0x00f0e1     0x3  low_level_init.o [4]
  .far_func.text     ro code  0x00f0e4     0x3  unhandled_exception.o [4]
  .far_func.text     ro code  0x00f0e7     0x2  board.o [1]
  .far_func.text     ro code  0x00f0e9     0x2  board.o [1]
  .far_func.text     ro code  0x00f0eb     0x1  board.o [1]
  .far_func.text     ro code  0x00f0ec     0x1  rtc-board.o [1]
  .far_func.text     ro code  0x00f0ed     0x1  stm8l15x_it.o [1]
  .far_func.text     ro code  0x00f0ee     0x1  stm8l15x_it.o [1]
  .far_func.text     ro code  0x00f0ef     0x1  stm8l15x_it.o [1]
  .far_func.text     ro code  0x00f0f0     0x1  stm8l15x_it.o [1]
  .far_func.text     ro code  0x00f0f1     0x1  stm8l15x_it.o [1]
  .far_func.text     ro code  0x00f0f2     0x1  stm8l15x_it.o [1]
  .far_func.text     ro code  0x00f0f3     0x1  stm8l15x_it.o [1]
  .far_func.text     ro code  0x00f0f4     0x1  stm8l15x_it.o [1]
  .far_func.text     ro code  0x00f0f5     0x1  stm8l15x_it.o [1]
  .far_func.text     ro code  0x00f0f6     0x1  stm8l15x_it.o [1]
  .far_func.text     ro code  0x00f0f7     0x1  stm8l15x_it.o [1]
  .far_func.text     ro code  0x00f0f8     0x1  stm8l15x_it.o [1]
  .far_func.text     ro code  0x00f0f9     0x1  stm8l15x_it.o [1]
  .far_func.text     ro code  0x00f0fa     0x1  stm8l15x_it.o [1]
  .far_func.text     ro code  0x00f0fb     0x1  stm8l15x_it.o [1]
  .far_func.text     ro code  0x00f0fc     0x1  stm8l15x_it.o [1]
  .far_func.text     ro code  0x00f0fd     0x1  stm8l15x_it.o [1]
  .far_func.text     ro code  0x00f0fe     0x1  stm8l15x_it.o [1]
  .far_func.text     ro code  0x00f0ff     0x1  stm8l15x_it.o [1]
  .far_func.text     ro code  0x00f100     0x1  stm8l15x_it.o [1]
  .far_func.text     ro code  0x00f101     0x1  stm8l15x_it.o [1]
  .far_func.text     ro code  0x00f102     0x1  __dbg_break.o [3]
                            - 0x00f103  0x6e66


*******************************************************************************
*** INIT TABLE
***

          Address   Size
          -------   ----
Zero (__iar_zero_init2)
    1 destination range, total size 0x36b:
          0x000061  0x36b

Copy (__iar_copy_init2)
    1 source range, total size 0x51:
          0x00813f   0x51
    1 destination range, total size 0x51:
          0x000010   0x51



*******************************************************************************
*** MODULE SUMMARY
***

    Module                 ro code  ro data  rw data
    ------                 -------  -------  -------
C:\Users\89149\Desktop\node-asr6505_addaclassb -rtcsetok\Projects\ClassA\EWSTM8\Debug\Obj: [1]
    board.o                    600                18
    delay-board.o               62
    delay.o                     20
    gpio-board.o               940                48
    gpio.o                     147
    main.o                     197       23       16
    radio.o                  3 539      299      527
    rtc-board.o              2 855       78       44
    spi-board.o                793                11
    stm8l15x_clk.o             490        5
    stm8l15x_exti.o            366
    stm8l15x_flash.o            55
    stm8l15x_gpio.o            233
    stm8l15x_it.o              381               258
    stm8l15x_pwr.o              14
    stm8l15x_rtc.o           1 526                 4
    stm8l15x_spi.o             157
    stm8l15x_syscfg.o           91
    stm8l15x_usart.o           685
    sx1262-board.o           1 213                10
    sx126x.o                 2 565       17        7
    timer.o                  1 443                 3
    uart-board.o               283       14        8
    ------------------------------------------------
    Total:                  18 655      436      954

command line: [2]
    ------------------------------------------------
    Total:

dbgstm8mmd.a: [3]
    __dbg_break.o                1
    __dbg_xxexit.o              22
    ------------------------------------------------
    Total:                      23

dlstm8mmn.a: [4]
    ceil.o                      70
    cexit.o                      6
    cstartup.o                  23
    dc_util.o                   88
    div.o                       52
    errno.o                                        2
    exit.o                       4
    far.o                       10
    far_util.o                  56
    float.o                  1 240
    float_libsup.o             386
    floor.o                     70
    init.o                      30
    init_small.o                70
    interrupt.o                         128
    long.o                     607
    long_util.o                224
    low_level_init.o             3
    memchr.o                    33
    memcpy.o                    32
    memset.o                    22
    move.o                      37
    pow.o                      884
    printf.o                    36
    short.o                     86
    strchr.o                    21
    strlen.o                    13
    switch.o                    12
    unhandled_exception.o        3
    vreg_util.o                479
    vregs.o                                       16
    xdint.o                    201
    xexp.o                     619
    xlog.o                      49
    xprintffull.o            4 087       85
    xprout.o                    31
    ------------------------------------------------
    Total:                   9 584      213       18

    Linker created                       20      256
----------------------------------------------------
    Grand Total:            28 262      669    1 228


*******************************************************************************
*** ENTRY LIST
***

Entry                    Address   Size  Type      Object
-----                    -------   ----  ----      ------
.iar.init_table$$Base   0x0081cc          --   Gb  - Linker created -
.iar.init_table$$Limit  0x0081e0          --   Gb  - Linker created -
?add32_l0_l0_0x         0x009c92         Code  Gb  long.o [4]
?add32_l0_l0_l1         0x009c8f         Code  Gb  long.o [4]
?and32_l0_l0_0x         0x009e47         Code  Gb  long.o [4]
?and32_l0_l0_l1         0x009e44         Code  Gb  long.o [4]
?b0                     0x000000         Data  Gb  vregs.o [4]
?b1                     0x000001         Data  Gb  vregs.o [4]
?b10                    0x00000a         Data  Gb  vregs.o [4]
?b11                    0x00000b         Data  Gb  vregs.o [4]
?b12                    0x00000c         Data  Gb  vregs.o [4]
?b13                    0x00000d         Data  Gb  vregs.o [4]
?b14                    0x00000e         Data  Gb  vregs.o [4]
?b15                    0x00000f         Data  Gb  vregs.o [4]
?b2                     0x000002         Data  Gb  vregs.o [4]
?b3                     0x000003         Data  Gb  vregs.o [4]
?b4                     0x000004         Data  Gb  vregs.o [4]
?b5                     0x000005         Data  Gb  vregs.o [4]
?b6                     0x000006         Data  Gb  vregs.o [4]
?b7                     0x000007         Data  Gb  vregs.o [4]
?b8                     0x000008         Data  Gb  vregs.o [4]
?b9                     0x000009         Data  Gb  vregs.o [4]
?dc32_l0                0x00d49f         Code  Gb  dc_util.o [4]
?dc32_l1                0x00d4cb         Code  Gb  dc_util.o [4]
?dec32_0x_0x            0x009c7b         Code  Gb  long.o [4]
?dec32_l0_l0            0x009c76         Code  Gb  long.o [4]
?e0                     0x000001         Data  Gb  vregs.o [4]
?e1                     0x000005         Data  Gb  vregs.o [4]
?e2                     0x000009         Data  Gb  vregs.o [4]
?e3                     0x00000d         Data  Gb  vregs.o [4]
?epilogue_l2            0x00a5a4         Code  Gb  vreg_util.o [4]
?epilogue_l2_l3         0x00a5a0         Code  Gb  vreg_util.o [4]
?epilogue_l2_w6         0x00a5a9         Code  Gb  vreg_util.o [4]
?epilogue_w4            0x00a5b2         Code  Gb  vreg_util.o [4]
?fadd32_l0_l0_dc32      0x0082c1         Code  Gb  float.o [4]
?fadd32_l0_l0_l1        0x0082c7         Code  Gb  float.o [4]
?fcastf32s16_l0_x       0x00858f         Code  Gb  float.o [4]
?fcastf32s32_l0_l0      0x00862e         Code  Gb  float.o [4]
?fcastf32u16_l0_x       0x008596         Code  Gb  float.o [4]
?fcastf32u32_l0_l0      0x00863a         Code  Gb  float.o [4]
?fcasts32f32_l0_l0      0x0085cb         Code  Gb  float.o [4]
?fcastu32f32_l0_l0      0x0085b4         Code  Gb  float.o [4]
?fcmpeq32_c_0x_fzero    0x0084f3         Code  Gb  float.o [4]
?fcmpeq32_c_l0_0x       0x008502         Code  Gb  float.o [4]
?fcmpeq32_c_l0_dc32     0x0084fb         Code  Gb  float.o [4]
?fcmpeq32_c_l0_fzero    0x0084f0         Code  Gb  float.o [4]
?fcmpeq32_c_l0_l1       0x0084ff         Code  Gb  float.o [4]
?fcmpge32_c_l0_0x       0x00852e         Code  Gb  float.o [4]
?fcmpge32_c_l0_dc32     0x008527         Code  Gb  float.o [4]
?fcmpge32_c_l0_l1       0x00852b         Code  Gb  float.o [4]
?fcmplt32_c_l0_0x       0x008539         Code  Gb  float.o [4]
?fcmplt32_c_l0_dc32     0x008532         Code  Gb  float.o [4]
?fcmplt32_c_l0_l1       0x008536         Code  Gb  float.o [4]
?fdiv32_l0_dc32_l1      0x008436         Code  Gb  float.o [4]
?fdiv32_l0_l0_dc32      0x00843c         Code  Gb  float.o [4]
?fdiv32_l0_l0_l1        0x008442         Code  Gb  float.o [4]
?fmul32_l0_l0_dc32      0x008395         Code  Gb  float.o [4]
?fmul32_l0_l0_l1        0x00839b         Code  Gb  float.o [4]
?fsub32_l0_l0_l1        0x0082bb         Code  Gb  float.o [4]
?l0                     0x000000         Data  Gb  vregs.o [4]
?l1                     0x000004         Data  Gb  vregs.o [4]
?l2                     0x000008         Data  Gb  vregs.o [4]
?l3                     0x00000c         Data  Gb  vregs.o [4]
?load24_0x_e0           0x00e076         Code  Gb  far_util.o [4]
?load24_0x_e2           0x00e084         Code  Gb  far_util.o [4]
?load24_e0_0x           0x00e05a         Code  Gb  far_util.o [4]
?load24_e1_0x           0x00e068         Code  Gb  far_util.o [4]
?load32_0x_l0           0x00bc90         Code  Gb  long_util.o [4]
?load32_0x_l1           0x00bca8         Code  Gb  long_util.o [4]
?load32_0x_l2           0x00bcc0         Code  Gb  long_util.o [4]
?load32_l0_0x           0x00bc08         Code  Gb  long_util.o [4]
?load32_l0_asp          0x00bbfc         Code  Gb  long_util.o [4]
?load32_l0_dbsp         0x00bbee         Code  Gb  long_util.o [4]
?load32_l0_xsp          0x00bbfe         Code  Gb  long_util.o [4]
?load32_l1_0x           0x00bc2e         Code  Gb  long_util.o [4]
?load32_l1_asp          0x00bc22         Code  Gb  long_util.o [4]
?load32_l1_dbsp         0x00bc14         Code  Gb  long_util.o [4]
?load32_l1_xsp          0x00bc24         Code  Gb  long_util.o [4]
?load32_l2_0x           0x00bc54         Code  Gb  long_util.o [4]
?load32_l2_asp          0x00bc48         Code  Gb  long_util.o [4]
?load32_l2_dbsp         0x00bc3a         Code  Gb  long_util.o [4]
?load32_l2_xsp          0x00bc4a         Code  Gb  long_util.o [4]
?load32_l3_0x           0x00bc7a         Code  Gb  long_util.o [4]
?load32_l3_asp          0x00bc6e         Code  Gb  long_util.o [4]
?load32_l3_dbsp         0x00bc60         Code  Gb  long_util.o [4]
?load32_l3_xsp          0x00bc70         Code  Gb  long_util.o [4]
?load32_xsp_l0          0x00bc86         Code  Gb  long_util.o [4]
?load32_xsp_l1          0x00bc9e         Code  Gb  long_util.o [4]
?load32_xsp_l2          0x00bcb6         Code  Gb  long_util.o [4]
?longfarg16_v_w0_a      0x00e7ce         Code  Gb  move.o [4]
?longfarg16_v_w0_x      0x00e7d0         Code  Gb  move.o [4]
?mov_e0_e1              0x00a5dd         Code  Gb  vreg_util.o [4]
?mov_e0_e2              0x00a5ea         Code  Gb  vreg_util.o [4]
?mov_e0_e3              0x00a5f7         Code  Gb  vreg_util.o [4]
?mov_e1_e0              0x00a604         Code  Gb  vreg_util.o [4]
?mov_e1_e2              0x00a611         Code  Gb  vreg_util.o [4]
?mov_e1_e3              0x00a61e         Code  Gb  vreg_util.o [4]
?mov_e2_e0              0x00a62b         Code  Gb  vreg_util.o [4]
?mov_e2_e1              0x00a638         Code  Gb  vreg_util.o [4]
?mov_e2_e3              0x00a645         Code  Gb  vreg_util.o [4]
?mov_e3_e0              0x00a652         Code  Gb  vreg_util.o [4]
?mov_e3_e1              0x00a65f         Code  Gb  vreg_util.o [4]
?mov_e3_e2              0x00a66c         Code  Gb  vreg_util.o [4]
?mov_l0_l1              0x00a5da         Code  Gb  vreg_util.o [4]
?mov_l0_l2              0x00a5e7         Code  Gb  vreg_util.o [4]
?mov_l0_l3              0x00a5f4         Code  Gb  vreg_util.o [4]
?mov_l1_l0              0x00a601         Code  Gb  vreg_util.o [4]
?mov_l1_l2              0x00a60e         Code  Gb  vreg_util.o [4]
?mov_l1_l3              0x00a61b         Code  Gb  vreg_util.o [4]
?mov_l2_l0              0x00a628         Code  Gb  vreg_util.o [4]
?mov_l2_l1              0x00a635         Code  Gb  vreg_util.o [4]
?mov_l2_l3              0x00a642         Code  Gb  vreg_util.o [4]
?mov_l3_l0              0x00a64f         Code  Gb  vreg_util.o [4]
?mov_l3_l1              0x00a65c         Code  Gb  vreg_util.o [4]
?mov_l3_l2              0x00a669         Code  Gb  vreg_util.o [4]
?mov_w1_w3              0x00a5e0         Code  Gb  vreg_util.o [4]
?mov_w1_w5              0x00a5ed         Code  Gb  vreg_util.o [4]
?mov_w1_w7              0x00a5fa         Code  Gb  vreg_util.o [4]
?mov_w2_w0              0x00a5b7         Code  Gb  vreg_util.o [4]
?mov_w2_w1              0x00a5be         Code  Gb  vreg_util.o [4]
?mov_w3_w1              0x00a607         Code  Gb  vreg_util.o [4]
?mov_w3_w5              0x00a614         Code  Gb  vreg_util.o [4]
?mov_w3_w7              0x00a621         Code  Gb  vreg_util.o [4]
?mov_w4_w1              0x00a5c5         Code  Gb  vreg_util.o [4]
?mov_w5_w0              0x00a5cc         Code  Gb  vreg_util.o [4]
?mov_w5_w1              0x00a62e         Code  Gb  vreg_util.o [4]
?mov_w5_w3              0x00a63b         Code  Gb  vreg_util.o [4]
?mov_w5_w7              0x00a648         Code  Gb  vreg_util.o [4]
?mov_w6_w0              0x00a5d3         Code  Gb  vreg_util.o [4]
?mov_w7_w1              0x00a655         Code  Gb  vreg_util.o [4]
?mov_w7_w3              0x00a662         Code  Gb  vreg_util.o [4]
?mov_w7_w5              0x00a66f         Code  Gb  vreg_util.o [4]
?move1616_v_x_y_a       0x00e7c1         Code  Gb  move.o [4]
?mul16_x_x_w0           0x00d5a5         Code  Gb  short.o [4]
?mul32_l0_l0_0x         0x009cc5         Code  Gb  long.o [4]
?mul32_l0_l0_l1         0x009cce         Code  Gb  long.o [4]
?neg32_l0_l0            0x009c66         Code  Gb  long.o [4]
?or32_l0_l0_0x          0x009e62         Code  Gb  long.o [4]
?or32_l0_l0_l1          0x009e5f         Code  Gb  long.o [4]
?pop_e2                 0x00a515         Code  Gb  vreg_util.o [4]
?pop_l0                 0x00a568         Code  Gb  vreg_util.o [4]
?pop_l1                 0x00a573         Code  Gb  vreg_util.o [4]
?pop_l2                 0x00a57e         Code  Gb  vreg_util.o [4]
?pop_l3                 0x00a589         Code  Gb  vreg_util.o [4]
?pop_w4                 0x00a4d1         Code  Gb  vreg_util.o [4]
?pop_w5                 0x00a4d8         Code  Gb  vreg_util.o [4]
?pop_w6                 0x00a4df         Code  Gb  vreg_util.o [4]
?pop_w7                 0x00a4e6         Code  Gb  vreg_util.o [4]
?push_e2                0x00a4f9         Code  Gb  vreg_util.o [4]
?push_l0                0x00a533         Code  Gb  vreg_util.o [4]
?push_l1                0x00a538         Code  Gb  vreg_util.o [4]
?push_l2                0x00a53d         Code  Gb  vreg_util.o [4]
?push_l3                0x00a542         Code  Gb  vreg_util.o [4]
?push_w0                0x00a497         Code  Gb  vreg_util.o [4]
?push_w1                0x00a49c         Code  Gb  vreg_util.o [4]
?push_w2                0x00a4a1         Code  Gb  vreg_util.o [4]
?push_w4                0x00a4a6         Code  Gb  vreg_util.o [4]
?push_w5                0x00a4ab         Code  Gb  vreg_util.o [4]
?push_w6                0x00a4b0         Code  Gb  vreg_util.o [4]
?push_w7                0x00a4b5         Code  Gb  vreg_util.o [4]
?scmp32_c_l0_l1         0x009e2d         Code  Gb  long.o [4]
?sdiv16_x_x_y           0x00d5c3         Code  Gb  short.o [4]
?sdiv32_l0_l0_dl        0x009dc3         Code  Gb  long.o [4]
?sdiv32_l0_l0_l1        0x009dc7         Code  Gb  long.o [4]
?sext16_x_a             0x00d5f4         Code  Gb  short.o [4]
?sext32_l0_a            0x009eb8         Code  Gb  long.o [4]
?sext32_l0_x            0x009ead         Code  Gb  long.o [4]
?sll16_x_x_a            0x00d5ec         Code  Gb  short.o [4]
?sll32_0x_0x_a          0x009e7d         Code  Gb  long.o [4]
?sll32_l0_l0_a          0x009e7a         Code  Gb  long.o [4]
?smod16_y_x_y           0x00d5dc         Code  Gb  short.o [4]
?smod32_l1_l0_l1        0x009dc7         Code  Gb  long.o [4]
?sra32_0x_0x_a          0x009e9f         Code  Gb  long.o [4]
?sra32_l0_l0_a          0x009e9c         Code  Gb  long.o [4]
?srl32_0x_0x_a          0x009e8e         Code  Gb  long.o [4]
?srl32_l0_l0_a          0x009e8b         Code  Gb  long.o [4]
?sub32_l0_l0_0x         0x009cad         Code  Gb  long.o [4]
?sub32_l0_l0_l1         0x009caa         Code  Gb  long.o [4]
?switch8vlt_0x_a_0x     0x00efbe         Code  Gb  switch.o [4]
?ucmp24_c_0x_e0         0x00f02b         Code  Gb  far.o [4]
?ucmp32_c_l0_0x         0x009e12         Code  Gb  long.o [4]
?ucmp32_c_l0_l1         0x009e22         Code  Gb  long.o [4]
?udiv32_l0_l0_dl        0x009d52         Code  Gb  long.o [4]
?udiv32_l0_l0_l1        0x009d56         Code  Gb  long.o [4]
?umod32_l1_l0_dl        0x009d4c         Code  Gb  long.o [4]
?umod32_l1_l0_l1        0x009d56         Code  Gb  long.o [4]
?w0                     0x000000         Data  Gb  vregs.o [4]
?w1                     0x000002         Data  Gb  vregs.o [4]
?w2                     0x000004         Data  Gb  vregs.o [4]
?w3                     0x000006         Data  Gb  vregs.o [4]
?w4                     0x000008         Data  Gb  vregs.o [4]
?w5                     0x00000a         Data  Gb  vregs.o [4]
?w6                     0x00000c         Data  Gb  vregs.o [4]
?w7                     0x00000e         Data  Gb  vregs.o [4]
ADC1_COMP_IRQHandler    0x00f0f7    0x1  Code  Gb  stm8l15x_it.o [1]
AntPow                  0x000370    0x9  Data  Gb  sx1262-board.o [1]
Bandwidths              0x00828d    0x3  Data  Gb  radio.o [1]
Bcd2ToByte              0x00ed35   0x17  Code  Lc  stm8l15x_rtc.o [1]
BlockLowPowerDuringTask
                        0x00eda8   0x16  Code  Gb  rtc-board.o [1]
BoardDeInitMcu          0x00e9c6   0x1f  Code  Gb  board.o [1]
BoardDisableIrq         0x00f0e7    0x2  Code  Gb  board.o [1]
BoardEnableIrq          0x00f0e9    0x2  Code  Gb  board.o [1]
BoardInitMcu            0x00c0e8   0xc6  Code  Gb  board.o [1]
BoardInitPeriph         0x00f0eb    0x1  Code  Gb  board.o [1]
BoardUnusedIoInit       0x00bcce   0xdc  Code  Lc  board.o [1]
ByteToBcd2              0x00ec1b   0x1c  Code  Lc  stm8l15x_rtc.o [1]
CLK_GetClockFreq        0x00c65b   0x9c  Code  Gb  stm8l15x_clk.o [1]
CLK_GetFlagStatus       0x00c6f7   0x99  Code  Gb  stm8l15x_clk.o [1]
CLK_LSEConfig           0x00ee52   0x13  Code  Gb  stm8l15x_clk.o [1]
CLK_PeripheralClockConfig
                        0x00c825   0x94  Code  Gb  stm8l15x_clk.o [1]
CLK_RTCClockConfig      0x00f017    0xa  Code  Gb  stm8l15x_clk.o [1]
CLK_SYSCLKDivConfig     0x00f0bd    0x4  Code  Gb  stm8l15x_clk.o [1]
COMDeInit               0x00e33a   0x31  Code  Gb  uart-board.o [1]
COMInit                 0x00cd91   0x7e  Code  Gb  uart-board.o [1]
COM_PORT                0x00005d    0x4  Data  Lc  uart-board.o [1]
COM_RX_PIN              0x008296    0x2  Data  Lc  uart-board.o [1]
COM_TX_PIN              0x008294    0x2  Data  Lc  uart-board.o [1]
COM_USART               0x000059    0x4  Data  Lc  uart-board.o [1]
COM_USART_CLK           0x008292    0x2  Data  Lc  uart-board.o [1]
CSTACK$$Base            0x000f00          --   Gb  - Linker created -
CSTACK$$Limit           0x001000          --   Gb  - Linker created -
CadTimeoutTimer         0x000356    0xe  Data  Gb  radio.o [1]
CalibrateSystemWakeupTime
                        0x00df35   0x3c  Code  Lc  board.o [1]
CalibrateSystemWakeupTimeTimer
                        0x00031e    0xe  Data  Lc  board.o [1]
DMA1_CHANNEL0_1_IRQHandler
                        0x00f0f0    0x1  Code  Gb  stm8l15x_it.o [1]
DMA1_CHANNEL2_3_IRQHandler
                        0x00f0f1    0x1  Code  Gb  stm8l15x_it.o [1]
DaysInMonth             0x008206    0xc  Data  Lc  rtc-board.o [1]
DaysInMonthLeapYear     0x008212    0xc  Data  Lc  rtc-board.o [1]
DelayMs                 0x00ee2a   0x14  Code  Gb  delay.o [1]
DelayMsMcu              0x00de01   0x3e  Code  Gb  delay-board.o [1]
DeviceState             0x0003b9    0x1  Data  Gb  main.o [1]
EXTI0_IRQHandler        0x00eb6e   0x1d  Code  Gb  stm8l15x_it.o [1]
EXTI1_IRQHandler        0x00ea60   0x1e  Code  Gb  stm8l15x_it.o [1]
EXTI2_IRQHandler        0x00ea7e   0x1e  Code  Gb  stm8l15x_it.o [1]
EXTI3_IRQHandler        0x00ea9c   0x1e  Code  Gb  stm8l15x_it.o [1]
EXTI4_IRQHandler        0x00eaba   0x1e  Code  Gb  stm8l15x_it.o [1]
EXTI5_IRQHandler        0x00ead8   0x1e  Code  Gb  stm8l15x_it.o [1]
EXTI6_IRQHandler        0x00eaf6   0x1e  Code  Gb  stm8l15x_it.o [1]
EXTI7_IRQHandler        0x00e903   0x22  Code  Gb  stm8l15x_it.o [1]
EXTIB_IRQHandler        0x00f0f3    0x1  Code  Gb  stm8l15x_it.o [1]
EXTID_IRQHandler        0x00f0f4    0x1  Code  Gb  stm8l15x_it.o [1]
EXTIE_F_PVD_IRQHandler  0x00f0f2    0x1  Code  Gb  stm8l15x_it.o [1]
EXTI_ClearITPendingBit  0x00e8bf   0x22  Code  Gb  stm8l15x_exti.o [1]
EXTI_GetITStatus        0x00e79c   0x25  Code  Gb  stm8l15x_exti.o [1]
EXTI_SetPinSensitivity  0x00b5df  0x127  Code  Gb  stm8l15x_exti.o [1]
ExitIO_IRQHandler       0x00f0ec    0x1  Code  Gb  rtc-board.o [1]
FLASH_IRQHandler        0x00f0ef    0x1  Code  Gb  stm8l15x_it.o [1]
FLASH_Lock              0x00efca    0xb  Code  Gb  stm8l15x_flash.o [1]
FLASH_ProgramByte       0x00f0c1    0x4  Code  Gb  stm8l15x_flash.o [1]
FLASH_SetProgrammingTime
                        0x00ef53    0xf  Code  Gb  stm8l15x_flash.o [1]
FLASH_Unlock            0x00ecd5   0x19  Code  Gb  stm8l15x_flash.o [1]
FrequencyError          0x00039c    0x4  Data  Gb  sx126x.o [1]
FskBandwidths           0x008080   0x6e  Data  Gb  radio.o [1]
GPIO_ExternalPullUpConfig
                        0x00e50e   0x2c  Code  Gb  stm8l15x_gpio.o [1]
GPIO_Init               0x00c9db   0x8e  Code  Gb  stm8l15x_gpio.o [1]
GPIO_ReadInputDataBit   0x00f07e    0x7  Code  Gb  stm8l15x_gpio.o [1]
GPIO_ResetBits          0x00f058    0x8  Code  Gb  stm8l15x_gpio.o [1]
GPIO_SetBits            0x00f070    0x7  Code  Gb  stm8l15x_gpio.o [1]
GPIO_ToggleBits         0x00f077    0x7  Code  Gb  stm8l15x_gpio.o [1]
GPIO_WriteBit           0x00ee78   0x12  Code  Gb  stm8l15x_gpio.o [1]
GetBoardPowerSource     0x00f0d5    0x3  Code  Gb  board.o [1]
GpioInit                0x00e092   0x37  Code  Gb  gpio.o [1]
GpioIrq                 0x0002df   0x30  Data  Lc  gpio-board.o [1]
GpioMcuExtiPinGet       0x00d38e   0x5c  Code  Gb  gpio-board.o [1]
GpioMcuInit             0x00a9f6  0x1ac  Code  Gb  gpio-board.o [1]
GpioMcuRead             0x00dbf6   0x42  Code  Gb  gpio-board.o [1]
GpioMcuSetInterrupt     0x00c5be   0x9d  Code  Gb  gpio-board.o [1]
GpioMcuWrite            0x00d973   0x4a  Code  Gb  gpio-board.o [1]
GpioRead                0x00ef15   0x10  Code  Gb  gpio.o [1]
GpioSetInterrupt        0x00e36b   0x30  Code  Gb  gpio.o [1]
GpioWrite               0x00ebff   0x1c  Code  Gb  gpio.o [1]
HAL_GPIO_EXTI_Callback  0x00d4f7   0x57  Code  Gb  gpio-board.o [1]
HAL_GPIO_EXTI_IRQHandler
                        0x00e80b   0x24  Code  Gb  gpio-board.o [1]
HasLoopedThroughMain    0x0003cb    0x1  Data  Gb  timer.o [1]
HoursInDay              0x00829c    0x1  Data  Lc  rtc-board.o [1]
I2C1_IRQHandler         0x00f101    0x1  Code  Gb  stm8l15x_it.o [1]
INTVEC$$Base            0x008000          --   Gb  - Linker created -
INTVEC$$Limit           0x008080          --   Gb  - Linker created -
ImageCalibrated         0x0003ca    0x1  Data  Lc  sx126x.o [1]
IrqFired                0x0003bb    0x1  Data  Gb  radio.o [1]
LCD_IRQHandler          0x00f0f5    0x1  Code  Gb  stm8l15x_it.o [1]
Len                     0x0003b0    0x2  Data  Gb  stm8l15x_it.o [1]
LoadInt                 0x00da07   0x49  Code  Lc  xprintffull.o [4]
LowPowerDisableDuringTask
                        0x0003bd    0x1  Data  Lc  rtc-board.o [1]
MaxPayloadLength        0x000058    0x1  Data  Gb  radio.o [1]
McuInitialized          0x0003b6    0x1  Data  Lc  board.o [1]
McuStop                 0x0003c0    0x1  Data  Lc  rtc-board.o [1]
McuWakeUpTime           0x000394    0x4  Data  Gb  rtc-board.o [1]
NonHandledInterrupt     0x00f0ed    0x1  Code  Gb  stm8l15x_it.o [1]
OnCalibrateSystemWakeupTimeTimerEvent
                        0x00f0a4    0x5  Code  Lc  board.o [1]
OperatingMode           0x0003c8    0x1  Data  Lc  sx126x.o [1]
PWR_UltraLowPowerCmd    0x00ef62    0xe  Code  Gb  stm8l15x_pwr.o [1]
PacketType              0x0003c9    0x1  Data  Lc  sx126x.o [1]
RTC_AlarmCmd            0x00d6a5   0x54  Code  Gb  stm8l15x_rtc.o [1]
RTC_AlarmStr            0x000379    0x7  Data  Gb  rtc-board.o [1]
RTC_AlarmStructInit     0x00e82f   0x24  Code  Gb  stm8l15x_rtc.o [1]
RTC_AlarmSubSecondConfig
                        0x00dcbc   0x42  Code  Gb  stm8l15x_rtc.o [1]
RTC_Alarm_IRQHandler    0x00e9e5   0x1f  Code  Gb  rtc-board.o [1]
RTC_BypassShadowCmd     0x00ec6d   0x1a  Code  Gb  stm8l15x_rtc.o [1]
RTC_ClearITPendingBit   0x00ef8c    0xd  Code  Gb  stm8l15x_rtc.o [1]
RTC_DateStr             0x000390    0x4  Data  Gb  rtc-board.o [1]
RTC_DateStructInit      0x00ed1e   0x17  Code  Gb  stm8l15x_rtc.o [1]
RTC_EnterInitMode       0x00e639   0x29  Code  Gb  stm8l15x_rtc.o [1]
RTC_GetDate             0x00d54e   0x57  Code  Gb  stm8l15x_rtc.o [1]
RTC_GetSubSecond        0x00e272   0x32  Code  Gb  stm8l15x_rtc.o [1]
RTC_GetTime             0x00d840   0x4f  Code  Gb  stm8l15x_rtc.o [1]
RTC_IRQHandler          0x00e8e1   0x22  Code  Gb  stm8l15x_it.o [1]
RTC_ITConfig            0x00dfad   0x3b  Code  Gb  stm8l15x_rtc.o [1]
RTC_Init                0x00d445   0x5a  Code  Gb  stm8l15x_rtc.o [1]
RTC_InitStr             0x000388    0x4  Data  Gb  rtc-board.o [1]
RTC_SetAlarm            0x00b706  0x117  Code  Gb  stm8l15x_rtc.o [1]
RTC_SetDate             0x00c319   0xb0  Code  Gb  stm8l15x_rtc.o [1]
RTC_SetSubSecond        0x00e136   0x36  Code  Gb  stm8l15x_rtc.o [1]
RTC_SetTime             0x00c474   0xa7  Code  Gb  stm8l15x_rtc.o [1]
RTC_SynchroShiftConfig  0x00d8dc   0x4c  Code  Gb  stm8l15x_rtc.o [1]
RTC_TimeStr             0x00038c    0x4  Data  Gb  rtc-board.o [1]
RTC_TimeStructInit      0x00eef3   0x11  Code  Gb  stm8l15x_rtc.o [1]
RTC_WaitForSynchro      0x00e20a   0x34  Code  Gb  stm8l15x_rtc.o [1]
Radio                   0x0080ee   0x51  Data  Gb  radio.o [1]
RadioCheckRfFrequency   0x00f0d8    0x3  Code  Gb  radio.o [1]
RadioEvents             0x0003a4    0x2  Data  Lc  radio.o [1]
RadioGetFskBandwidthRegValue
                        0x00ce8a   0x77  Code  Lc  radio.o [1]
RadioGetStatus          0x00ea42   0x1e  Code  Gb  radio.o [1]
RadioGetWakeupTime      0x00eee2   0x11  Code  Gb  radio.o [1]
RadioInit               0x00cb80   0x89  Code  Gb  radio.o [1]
RadioIrqProcess         0x00978a  0x271  Code  Gb  radio.o [1]
RadioIsChannelFree      0x00dae0   0x47  Code  Gb  radio.o [1]
RadioLoRaSymbTime       0x000010   0x48  Data  Lc  radio.o [1]
RadioOnCadTimeoutIrq    0x00e3cb   0x2f  Code  Gb  radio.o [1]
RadioOnDioIrq           0x00f0a9    0x5  Code  Gb  radio.o [1]
RadioOnRxTimeoutIrq     0x00e610   0x29  Code  Gb  radio.o [1]
RadioOnTxTimeoutIrq     0x00e5e7   0x29  Code  Gb  radio.o [1]
RadioPktStatus          0x00030f    0xf  Data  Gb  radio.o [1]
RadioPublicNetwork      0x0003a2    0x2  Data  Lc  radio.o [1]
RadioRandom             0x00d270   0x60  Code  Gb  radio.o [1]
RadioRead               0x00ef25   0x10  Code  Gb  radio.o [1]
RadioReadBuffer         0x00e591   0x2b  Code  Gb  radio.o [1]
RadioRssi               0x00eed1   0x11  Code  Gb  radio.o [1]
RadioRx                 0x00d140   0x69  Code  Gb  radio.o [1]
RadioRxBoosted          0x00d1a9   0x64  Code  Gb  radio.o [1]
RadioRxPayload          0x000061   0xff  Data  Gb  radio.o [1]
RadioSend               0x00d20d   0x63  Code  Gb  radio.o [1]
RadioSetChannel         0x00ee3e   0x14  Code  Gb  radio.o [1]
RadioSetMaxPayloadLength
                        0x00de3f   0x3e  Code  Gb  radio.o [1]
RadioSetModem           0x00e1d6   0x34  Code  Gb  radio.o [1]
RadioSetPublicNetwork   0x00dbb3   0x43  Code  Gb  radio.o [1]
RadioSetRxConfig        0x00a0c6  0x1eb  Code  Gb  radio.o [1]
RadioSetRxDutyCycle     0x00e946   0x20  Code  Gb  radio.o [1]
RadioSetTxConfig        0x00a848  0x1ae  Code  Gb  radio.o [1]
RadioSetTxContinuousWave
                        0x00d7f0   0x50  Code  Gb  radio.o [1]
RadioSleep              0x00e022   0x38  Code  Gb  radio.o [1]
RadioStandby            0x00f092    0x6  Code  Gb  radio.o [1]
RadioStartCad           0x00caf5   0x8b  Code  Gb  radio.o [1]
RadioTimeOnAir          0x00aba2  0x1a7  Code  Gb  radio.o [1]
RadioWrite              0x00ec53   0x1a  Code  Gb  radio.o [1]
RadioWriteBuffer        0x00e566   0x2b  Code  Gb  radio.o [1]
Region$$Table$$Base     0x0081cc          --   Gb  - Linker created -
Region$$Table$$Limit    0x0081e0          --   Gb  - Linker created -
RtcAlarmSubSeconds      0x000398    0x4  Data  Lc  rtc-board.o [1]
RtcCalendarContext      0x000364    0xc  Data  Gb  rtc-board.o [1]
RtcCompareSubFun        0x00cf77   0x75  Code  Gb  rtc-board.o [1]
RtcComputeTimerTimeToAlarmTick
                        0x00a676  0x1d2  Code  Lc  rtc-board.o [1]
RtcComputeWakeUpTime    0x00d0d3   0x6d  Code  Lc  rtc-board.o [1]
RtcConvertCalendarTickToTimerTime
                        0x00a2b1  0x1e6  Code  Lc  rtc-board.o [1]
RtcConvertMsToTick      0x00debb   0x3d  Code  Gb  rtc-board.o [1]
RtcConvertTickToMs      0x00dc7a   0x42  Code  Gb  rtc-board.o [1]
RtcEnterLowPowerStopMode
                        0x00e100   0x36  Code  Gb  rtc-board.o [1]
RtcGetCalendar          0x00c51b   0xa3  Code  Gb  rtc-board.o [1]
RtcGetElapsedAlarmTime  0x00ba20   0xea  Code  Gb  rtc-board.o [1]
RtcGetTimerValue        0x00f050    0x8  Code  Gb  rtc-board.o [1]
RtcInit                 0x00d2d0   0x60  Code  Gb  rtc-board.o [1]
RtcInitialized          0x0003be    0x1  Data  Lc  rtc-board.o [1]
RtcRecoverMcuStatus     0x00ef44    0xf  Code  Gb  rtc-board.o [1]
RtcSetTimeout           0x00ecee   0x18  Code  Gb  rtc-board.o [1]
RtcStartWakeUpAlarm     0x00c268   0xb1  Code  Lc  rtc-board.o [1]
RtcTimerEventAllowsLowPower
                        0x0003bc    0x1  Data  Lc  rtc-board.o [1]
RtcWriteCalendar        0x00c94d   0x8e  Code  Lc  rtc-board.o [1]
RtcWriteTick            0x00d5fb   0x55  Code  Gb  rtc-board.o [1]
RxContinuous            0x0003ba    0x1  Data  Gb  radio.o [1]
RxTimeout               0x000384    0x4  Data  Gb  radio.o [1]
RxTimeoutTimer          0x000348    0xe  Data  Gb  radio.o [1]
SPI1_IRQHandler         0x00f0fe    0x1  Code  Gb  stm8l15x_it.o [1]
SPI_Cmd                 0x00ef04   0x11  Code  Gb  stm8l15x_spi.o [1]
SPI_DeInit              0x00ec87   0x1a  Code  Gb  stm8l15x_spi.o [1]
SPI_GetFlagStatus       0x00eb8b   0x1d  Code  Gb  stm8l15x_spi.o [1]
SPI_Init                0x00da50   0x48  Code  Gb  stm8l15x_spi.o [1]
SPI_ReceiveData         0x00f0ae    0x5  Code  Gb  stm8l15x_spi.o [1]
SPI_SendData            0x00f060    0x8  Code  Gb  stm8l15x_spi.o [1]
SWITCH_CSS_BREAK_DAC_IRQHandler
                        0x00f0f6    0x1  Code  Gb  stm8l15x_it.o [1]
SX126x                  0x00025f   0x80  Data  Gb  radio.o [1]
SX126xAntSwOff          0x00ed4c   0x17  Code  Gb  sx1262-board.o [1]
SX126xAntSwOn           0x00eca1   0x1a  Code  Gb  sx1262-board.o [1]
SX126xCalibrateImage    0x00c8b9   0x94  Code  Gb  sx126x.o [1]
SX126xCheckDeviceReady  0x00ebc5   0x1d  Code  Gb  sx126x.o [1]
SX126xClearIrqStatus    0x00e853   0x24  Code  Gb  sx126x.o [1]
SX126xDioInit           0x00e750   0x26  Code  Gb  sx1262-board.o [1]
SX126xGetBoardTcxoWakeupTime
                        0x00f035    0x9  Code  Gb  sx1262-board.o [1]
SX126xGetIrqStatus      0x00e776   0x26  Code  Gb  sx126x.o [1]
SX126xGetOperatingMode  0x00f0c5    0x4  Code  Gb  sx126x.o [1]
SX126xGetPaSelect       0x00f0de    0x3  Code  Gb  sx1262-board.o [1]
SX126xGetPacketStatus   0x00bb0a   0xe4  Code  Gb  sx126x.o [1]
SX126xGetPacketType     0x00f0cd    0x4  Code  Gb  sx126x.o [1]
SX126xGetPayload        0x00dd81   0x40  Code  Gb  sx126x.o [1]
SX126xGetRssiInst       0x00e662   0x29  Code  Gb  sx126x.o [1]
SX126xGetRxBufferStatus
                        0x00d9bd   0x4a  Code  Gb  sx126x.o [1]
SX126xInit              0x00e53a   0x2c  Code  Gb  sx126x.o [1]
SX126xIoDeInit          0x00e2a4   0x32  Code  Gb  sx1262-board.o [1]
SX126xIoInit            0x00e3fa   0x2f  Code  Gb  sx1262-board.o [1]
SX126xIoIrqInit         0x00eb14   0x1e  Code  Gb  sx1262-board.o [1]
SX126xReadBuffer        0x00ce0f   0x7b  Code  Gb  sx1262-board.o [1]
SX126xReadCommand       0x00cf01   0x76  Code  Gb  sx1262-board.o [1]
SX126xReadRegister      0x00e966   0x20  Code  Gb  sx1262-board.o [1]
SX126xReadRegisters     0x00ca69   0x8c  Code  Gb  sx1262-board.o [1]
SX126xReset             0x00d74c   0x53  Code  Gb  sx1262-board.o [1]
SX126xSendPayload       0x00e429   0x2e  Code  Gb  sx126x.o [1]
SX126xSetBufferBaseAddress
                        0x00e702   0x27  Code  Gb  sx126x.o [1]
SX126xSetCad            0x00ef70    0xe  Code  Gb  sx126x.o [1]
SX126xSetCadParams      0x00d88f   0x4d  Code  Gb  sx126x.o [1]
SX126xSetCrcPolynomial  0x00e308   0x32  Code  Gb  sx126x.o [1]
SX126xSetCrcSeed        0x00e2d6   0x32  Code  Gb  sx126x.o [1]
SX126xSetDio2AsRfSwitchCtrl
                        0x00eeae   0x12  Code  Gb  sx126x.o [1]
SX126xSetDioIrqParams   0x00d928   0x4b  Code  Gb  sx126x.o [1]
SX126xSetLoRaSymbNumTimeout
                        0x00ee8a   0x12  Code  Gb  sx126x.o [1]
SX126xSetModulationParams
                        0x00b4b5  0x12a  Code  Gb  sx126x.o [1]
SX126xSetOperatingMode  0x00f0c9    0x4  Code  Gb  sx126x.o [1]
SX126xSetPaConfig       0x00e1a1   0x35  Code  Gb  sx126x.o [1]
SX126xSetPacketParams   0x00b81d  0x113  Code  Gb  sx126x.o [1]
SX126xSetPacketType     0x00ed7a   0x17  Code  Gb  sx126x.o [1]
SX126xSetPayload        0x00ec37   0x1c  Code  Gb  sx126x.o [1]
SX126xSetRegulatorMode  0x00ee9c   0x12  Code  Gb  sx126x.o [1]
SX126xSetRfFrequency    0x00cd10   0x81  Code  Gb  sx126x.o [1]
SX126xSetRfTxPower      0x00ee65   0x13  Code  Gb  sx1262-board.o [1]
SX126xSetRx             0x00e485   0x2e  Code  Gb  sx126x.o [1]
SX126xSetRxBoosted      0x00e0c9   0x37  Code  Gb  sx126x.o [1]
SX126xSetRxDutyCycle    0x00dcfe   0x42  Code  Gb  sx126x.o [1]
SX126xSetSleep          0x00ed63   0x17  Code  Gb  sx126x.o [1]
SX126xSetStandby        0x00e986   0x20  Code  Gb  sx126x.o [1]
SX126xSetStopRxTimerOnPreambleDetect
                        0x00ea04   0x1f  Code  Gb  sx126x.o [1]
SX126xSetSyncWord       0x00ecbb   0x1a  Code  Gb  sx126x.o [1]
SX126xSetTx             0x00e457   0x2e  Code  Gb  sx126x.o [1]
SX126xSetTxContinuousWave
                        0x00f021    0xa  Code  Gb  sx126x.o [1]
SX126xSetTxParams       0x00b930   0xf0  Code  Gb  sx126x.o [1]
SX126xSetWhiteningSeed  0x00dd40   0x41  Code  Gb  sx126x.o [1]
SX126xWaitOnBusy        0x00edbe   0x16  Code  Gb  sx1262-board.o [1]
SX126xWakeup            0x00dfe8   0x3a  Code  Gb  sx1262-board.o [1]
SX126xWriteBuffer       0x00d060   0x73  Code  Gb  sx1262-board.o [1]
SX126xWriteCommand      0x00cfec   0x74  Code  Gb  sx1262-board.o [1]
SX126xWriteRegister     0x00eba8   0x1d  Code  Gb  sx1262-board.o [1]
SX126xWriteRegisters    0x00cc09   0x84  Code  Gb  sx1262-board.o [1]
SYSCFG_REMAPPinConfig   0x00d3ea   0x5b  Code  Gb  stm8l15x_syscfg.o [1]
SYSDivFactor            0x00826c    0x5  Data  Gb  stm8l15x_clk.o [1]
SecondsInDay            0x008271    0x4  Data  Lc  rtc-board.o [1]
SecondsInHour           0x008290    0x2  Data  Lc  rtc-board.o [1]
SecondsInLeapYear       0x008275    0x4  Data  Lc  rtc-board.o [1]
SecondsInMinute         0x00829b    0x1  Data  Lc  rtc-board.o [1]
SecondsInYear           0x008279    0x4  Data  Lc  rtc-board.o [1]
SpiDeInit               0x00c1ae   0xba  Code  Gb  spi-board.o [1]
SpiInOut                0x00d330   0x5e  Code  Gb  spi-board.o [1]
SpiInit                 0x009ec5  0x201  Code  Gb  spi-board.o [1]
SpiInitialized          0x0003c1    0x1  Data  Lc  spi-board.o [1]
SystemClockConfig       0x00e68b   0x28  Code  Lc  board.o [1]
SystemClockReConfig     0x00f08c    0x6  Code  Lc  board.o [1]
SystemWakeupTimeCalibrated
                        0x0003b7    0x1  Data  Lc  board.o [1]
TESTEvent2              0x00dc38   0x42  Code  Gb  main.o [1]
TESTTimer2              0x00032c    0xe  Data  Gb  main.o [1]
TIM1_CAP_IRQHandler     0x00f0fc    0x1  Code  Gb  stm8l15x_it.o [1]
TIM1_UPD_OVF_TRG_COM_IRQHandler
                        0x00f0fb    0x1  Code  Gb  stm8l15x_it.o [1]
TIM2_CAP_IRQHandler     0x00d6f9   0x53  Code  Gb  stm8l15x_it.o [1]
TIM2_UPD_OVF_TRG_BRK_IRQHandler
                        0x00f0f8    0x1  Code  Gb  stm8l15x_it.o [1]
TIM3_CAP_IRQHandler     0x00f0fa    0x1  Code  Gb  stm8l15x_it.o [1]
TIM3_UPD_OVF_TRG_BRK_IRQHandler
                        0x00f0f9    0x1  Code  Gb  stm8l15x_it.o [1]
TIM4_UPD_OVF_TRG_IRQHandler
                        0x00f0fd    0x1  Code  Gb  stm8l15x_it.o [1]
TRAP_IRQHandler         0x00f0ee    0x1  Code  Gb  stm8l15x_it.o [1]
TimerExists             0x00ebe2   0x1d  Code  Lc  timer.o [1]
TimerGetValue           0x00f0b8    0x5  Code  Gb  timer.o [1]
TimerInit               0x00ddc1   0x40  Code  Gb  timer.o [1]
TimerInsertNewHeadTimer
                        0x00d650   0x55  Code  Lc  timer.o [1]
TimerInsertTimer        0x00b359  0x15c  Code  Lc  timer.o [1]
TimerIrqHandler         0x00bf55   0xca  Code  Gb  timer.o [1]
TimerListHead           0x0003b2    0x2  Data  Lc  timer.o [1]
TimerLowPowerHandler    0x00e39b   0x30  Code  Gb  timer.o [1]
TimerSetTimeout         0x00ed06   0x18  Code  Lc  timer.o [1]
TimerSetValue           0x00e729   0x27  Code  Gb  timer.o [1]
TimerStart              0x00be82   0xd3  Code  Gb  timer.o [1]
TimerStop               0x00aed2  0x184  Code  Gb  timer.o [1]
TxTimeout               0x000380    0x4  Data  Gb  radio.o [1]
TxTimeoutTimer          0x00033a    0xe  Data  Gb  radio.o [1]
USART1_RX_IRQHandler    0x00f100    0x1  Code  Gb  stm8l15x_it.o [1]
USART1_TX_IRQHandler    0x00f0ff    0x1  Code  Gb  stm8l15x_it.o [1]
USARTInit               0x00da98   0x48  Code  Gb  uart-board.o [1]
USART_ClearITPendingBit
                        0x00f0b3    0x5  Code  Gb  stm8l15x_usart.o [1]
USART_Cmd               0x00e5bc   0x2b  Code  Gb  stm8l15x_usart.o [1]
USART_DeInit            0x00e6db   0x27  Code  Gb  stm8l15x_usart.o [1]
USART_GetFlagStatus     0x00e16c   0x35  Code  Gb  stm8l15x_usart.o [1]
USART_GetITStatus       0x00c3c9   0xab  Code  Gb  stm8l15x_usart.o [1]
USART_ITConfig          0x00c790   0x95  Code  Gb  stm8l15x_usart.o [1]
USART_Init              0x00bdaa   0xd8  Code  Gb  stm8l15x_usart.o [1]
USART_ReceiveData8      0x00f0db    0x3  Code  Gb  stm8l15x_usart.o [1]
USART_SendData8         0x00f098    0x6  Code  Gb  stm8l15x_usart.o [1]
WakeUpTimeInitialized   0x0003bf    0x1  Data  Gb  rtc-board.o [1]
_GenldFull              0x009066  0x3b0  Code  Lc  xprintffull.o [4]
_LdtobFull              0x008775  0x47a  Code  Lc  xprintffull.o [4]
_LitobFull              0x00b1d8  0x181  Code  Lc  xprintffull.o [4]
_PrintfFull             0x008bef  0x477  Code  Gb  xprintffull.o [4]
_Prout                  0x00ea23   0x1f  Code  Gb  xprout.o [4]
_PutcharFull            0x00e4b3   0x2e  Code  Lc  xprintffull.o [4]
_PutcharsFull           0x00de7d   0x3e  Code  Lc  xprintffull.o [4]
__DebugBreak            0x00f102    0x1  Code  Gb  __dbg_break.o [3]
__exit                  0x00edea   0x16  Code  Gb  __dbg_xxexit.o [3]
__iar_Dint              0x00c01f   0xc9  Code  Gb  xdint.o [4]
__iar_Dnorm             0x00b076         Code  Gb  float_libsup.o [4]
__iar_Dscale            0x00b104         Code  Gb  float_libsup.o [4]
__iar_Dtest             0x00b056         Code  Gb  float_libsup.o [4]
__iar_Dunscale          0x00b0b2         Code  Gb  float_libsup.o [4]
__iar_Errno             0x0003b4    0x2  Data  Gb  errno.o [4]
__iar_Exp               0x0099fb  0x26b  Code  Gb  xexp.o [4]
__iar_Logpoly           0x00efb2    0xc  Code  Gb  xlog.o [4]
__iar_Memchr            0x00e925   0x21  Code  Gb  memchr.o [4]
__iar_Strchr            0x00ee15   0x15  Code  Gb  strchr.o [4]
__iar_copy_init2        0x00e6b3         Code  Gb  init_small.o [4]
__iar_data_init2        0x00eb32   0x1e  Code  Gb  init.o [4]
__iar_program_start     0x00ed91         Code  Gb  cstartup.o [4]
__iar_unhandled_exception
                        0x00f0e4         Code  Gb  unhandled_exception.o [4]
__iar_zero_init2        0x00eb50         Code  Gb  init_small.o [4]
__intvec                0x008000         Data  Gb  interrupt.o [4]
__low_level_init        0x00f0e1    0x3  Code  Gb  low_level_init.o [4]
_exit                   0x00f09e         Code  Gb  cexit.o [4]
_interrupt_1            0x00f0ee         Code  Gb  stm8l15x_it.o [1]
_interrupt_10           0x00eb6e         Code  Gb  stm8l15x_it.o [1]
_interrupt_11           0x00ea60         Code  Gb  stm8l15x_it.o [1]
_interrupt_12           0x00ea7e         Code  Gb  stm8l15x_it.o [1]
_interrupt_13           0x00ea9c         Code  Gb  stm8l15x_it.o [1]
_interrupt_14           0x00eaba         Code  Gb  stm8l15x_it.o [1]
_interrupt_15           0x00ead8         Code  Gb  stm8l15x_it.o [1]
_interrupt_16           0x00eaf6         Code  Gb  stm8l15x_it.o [1]
_interrupt_17           0x00e903         Code  Gb  stm8l15x_it.o [1]
_interrupt_18           0x00f0f5         Code  Gb  stm8l15x_it.o [1]
_interrupt_19           0x00f0f6         Code  Gb  stm8l15x_it.o [1]
_interrupt_2            0x00f0ed         Code  Gb  stm8l15x_it.o [1]
_interrupt_20           0x00f0f7         Code  Gb  stm8l15x_it.o [1]
_interrupt_21           0x00f0f8         Code  Gb  stm8l15x_it.o [1]
_interrupt_22           0x00d6f9         Code  Gb  stm8l15x_it.o [1]
_interrupt_23           0x00f0f9         Code  Gb  stm8l15x_it.o [1]
_interrupt_24           0x00f0fa         Code  Gb  stm8l15x_it.o [1]
_interrupt_25           0x00f0fb         Code  Gb  stm8l15x_it.o [1]
_interrupt_26           0x00f0fc         Code  Gb  stm8l15x_it.o [1]
_interrupt_27           0x00f0fd         Code  Gb  stm8l15x_it.o [1]
_interrupt_28           0x00f0fe         Code  Gb  stm8l15x_it.o [1]
_interrupt_29           0x00f0ff         Code  Gb  stm8l15x_it.o [1]
_interrupt_3            0x00f0ef         Code  Gb  stm8l15x_it.o [1]
_interrupt_30           0x00f100         Code  Gb  stm8l15x_it.o [1]
_interrupt_31           0x00f101         Code  Gb  stm8l15x_it.o [1]
_interrupt_4            0x00f0f0         Code  Gb  stm8l15x_it.o [1]
_interrupt_5            0x00f0f1         Code  Gb  stm8l15x_it.o [1]
_interrupt_6            0x00e8e1         Code  Gb  stm8l15x_it.o [1]
_interrupt_7            0x00f0f2         Code  Gb  stm8l15x_it.o [1]
_interrupt_8            0x00f0f3         Code  Gb  stm8l15x_it.o [1]
_interrupt_9            0x00f0f4         Code  Gb  stm8l15x_it.o [1]
ceil                    0x00db27   0x46  Code  Gb  ceil.o [4]
covUnixTimeStp2Beijing  0x00ad49  0x189  Code  Lc  rtc-board.o [1]
dayPerYear              0x008237    0x8  Data  Gb  rtc-board.o [1]
delay_1ms               0x00eec0   0x11  Code  Gb  board.o [1]
delay_ms                0x00ef35    0xf  Code  Gb  board.o [1]
div                     0x00e23e   0x34  Code  Gb  div.o [4]
exit                    0x00f0d1    0x4  Code  Gb  exit.o [4]
floor                   0x00db6d   0x46  Code  Gb  floor.o [4]
gPaOptSetting           0x0003c7    0x1  Data  Gb  sx1262-board.o [1]
gu8Buffer               0x000160   0xff  Data  Gb  stm8l15x_it.o [1]
gu8Join_bz              0x0003b8    0x1  Data  Gb  main.o [1]
gu8RecFlag              0x0003c2    0x1  Data  Gb  stm8l15x_it.o [1]
i                       0x0003a0    0x2  Data  Gb  board.o [1]
internal_Pow            0x009416  0x358  Code  Lc  pow.o [4]
isLeapYear              0x00e4e1   0x2d  Code  Lc  rtc-board.o [1]
main                    0x00cc8d   0x83  Code  Gb  main.o [1]
memcpy                  0x00e9a6   0x20  Code  Gb  memcpy.o [4]
memset                  0x00edd4   0x16  Code  Gb  memset.o [4]
misoIndex               0x0003aa    0x2  Data  Gb  spi-board.o [1]
mosiIndex               0x0003a8    0x2  Data  Gb  spi-board.o [1]
nssIndex                0x0003ae    0x2  Data  Gb  spi-board.o [1]
pad                     0x00def8   0x3d  Code  Lc  xprintffull.o [4]
pow                     0x009785    0x5  Code  Gb  pow.o [4]
printf                  0x00e89b   0x24  Code  Gb  printf.o [4]
putchar                 0x00e877   0x24  Code  Gb  uart-board.o [1]
round                   0x00df71   0x3c  Code  Lc  rtc-board.o [1]
scale                   0x00d79f   0x51  Code  Lc  xprintffull.o [4]
sclkIndex               0x0003ac    0x2  Data  Gb  spi-board.o [1]
spi_port                0x0003a6    0x2  Data  Gb  spi-board.o [1]
strlen                  0x00ef99    0xd  Code  Gb  strlen.o [4]
tmpreg1                 0x0003c3    0x1  Data  Gb  stm8l15x_rtc.o [1]
tmpreg2                 0x0003c4    0x1  Data  Gb  stm8l15x_rtc.o [1]
tmpreg3                 0x0003c5    0x1  Data  Gb  stm8l15x_rtc.o [1]
tmpreg4                 0x0003c6    0x1  Data  Gb  stm8l15x_rtc.o [1]


[1] = C:\Users\89149\Desktop\node-asr6505_addaclassb -rtcsetok\Projects\ClassA\EWSTM8\Debug\Obj
[2] = command line
[3] = dbgstm8mmd.a
[4] = dlstm8mmn.a

  28 262 bytes of readonly  code memory
     669 bytes of readonly  data memory
   1 228 bytes of readwrite data memory

Errors: none
Warnings: none
